[
["mesa", "1- Realiza un boceto en papel de la mesa que quieres construir. 2- Calcula y compra la madera que vas a necesitar para tu mesa. 3- Genera la tabla de la mesa y el bajomesa. 4- Construye y adhiere las patas para tu mesa.5- Dale la vuelta a la mesa.6- Lija su superficie y barniza."],
["ropero", "1- blabla ropero"],
["silla", "- Toma medidas. Las medidas que te demos puedes tomarlas como proporciones, ya que la silla tiene que ser a tu gusto y tus necesidades. - Empieza por las patas. ..."],
["gimnasio de casa", "Disfruta del entrenamiento en casa con equipos diseñados para brindarte el mejor resultado. Productos minuciosamente diseñados y fabricados en Italia para adaptarlos a tu espacio."],
["repisa", "Dimensionar la madera. ... Marca las perforaciones. ... Armado del canto trasero. ..."],
["comoda", "Toma medidas... etc comoda"],
["computadora", "comprar los componentes: procesador, placa base compatible, ..."],
["fogata", "Tener a la mano al menos estas herramientas: hojas secas, piedras,...."],
["radio", "Tener algunos elementos como: cable de cobre delgado, ..."]
]
